[0.080s] [34mcolcon[0m [1;30mDEBUG[0m [32mCommand line arguments: ['/usr/bin/colcon', 'build', '--packages-select', 'sentry_navigation'][0m
[0.080s] [34mcolcon[0m [1;30mDEBUG[0m [32mParsed command line arguments: Namespace(log_base=None, log_level=None, verb_name='build', build_base='build', install_base='install', merge_install=False, symlink_install=False, test_result_base=None, continue_on_error=False, executor='parallel', parallel_workers=16, event_handlers=None, ignore_user_meta=False, metas=['./colcon.meta'], base_paths=['.'], packages_ignore=None, packages_ignore_regex=None, paths=None, packages_up_to=None, packages_up_to_regex=None, packages_above=None, packages_above_and_dependencies=None, packages_above_depth=None, packages_select_by_dep=None, packages_skip_by_dep=None, packages_skip_up_to=None, packages_select_build_failed=False, packages_skip_build_finished=False, packages_select_test_failures=False, packages_skip_test_passed=False, packages_select=['sentry_navigation'], packages_skip=None, packages_select_regex=None, packages_skip_regex=None, packages_start=None, packages_end=None, allow_overriding=[], cmake_args=None, cmake_target=None, cmake_target_skip_unavailable=False, cmake_clean_cache=False, cmake_clean_first=False, cmake_force_configure=False, ament_cmake_args=None, catkin_cmake_args=None, catkin_skip_building_tests=False, verb_parser=<colcon_defaults.argument_parser.defaults.DefaultArgumentsDecorator object at 0x7d1fbab46920>, verb_extension=<colcon_core.verb.build.BuildVerb object at 0x7d1fbacf80d0>, main=<bound method BuildVerb.main of <colcon_core.verb.build.BuildVerb object at 0x7d1fbacf80d0>>)[0m
[0.106s] [34mcolcon.colcon_core.package_discovery[0m [1;30mLevel 1[0m discover_packages(colcon_meta) check parameters
[0.106s] [34mcolcon.colcon_core.package_discovery[0m [1;30mLevel 1[0m discover_packages(recursive) check parameters
[0.106s] [34mcolcon.colcon_core.package_discovery[0m [1;30mLevel 1[0m discover_packages(ignore) check parameters
[0.106s] [34mcolcon.colcon_core.package_discovery[0m [1;30mLevel 1[0m discover_packages(path) check parameters
[0.106s] [34mcolcon.colcon_core.package_discovery[0m [1;30mLevel 1[0m discover_packages(colcon_meta) discover
[0.106s] [34mcolcon.colcon_core.package_discovery[0m [1;30mLevel 1[0m discover_packages(recursive) discover
[0.107s] [34mcolcon.colcon_core.package_discovery[0m [1;30mINFO[0m Crawling recursively for packages in '/home/pgd/SentryNav2026_XDU'
[0.107s] [34mcolcon.colcon_core.package_identification[0m [1;30mLevel 1[0m _identify(.) by extensions ['ignore', 'ignore_ament_install']
[0.107s] [34mcolcon.colcon_core.package_identification[0m [1;30mLevel 1[0m _identify(.) by extension 'ignore'
[0.107s] [34mcolcon.colcon_core.package_identification[0m [1;30mLevel 1[0m _identify(.) by extension 'ignore_ament_install'
[0.107s] [34mcolcon.colcon_core.package_identification[0m [1;30mLevel 1[0m _identify(.) by extensions ['colcon_pkg']
[0.107s] [34mcolcon.colcon_core.package_identification[0m [1;30mLevel 1[0m _identify(.) by extension 'colcon_pkg'
[0.107s] [34mcolcon.colcon_core.package_identification[0m [1;30mLevel 1[0m _identify(.) by extensions ['colcon_meta']
[0.107s] [34mcolcon.colcon_core.package_identification[0m [1;30mLevel 1[0m _identify(.) by extension 'colcon_meta'
[0.107s] [34mcolcon.colcon_core.package_identification[0m [1;30mLevel 1[0m _identify(.) by extensions ['ros']
[0.107s] [34mcolcon.colcon_core.package_identification[0m [1;30mLevel 1[0m _identify(.) by extension 'ros'
[0.116s] [34mcolcon.colcon_core.package_identification[0m [1;30mLevel 1[0m _identify(.) by extensions ['cmake', 'python']
[0.116s] [34mcolcon.colcon_core.package_identification[0m [1;30mLevel 1[0m _identify(.) by extension 'cmake'
[0.116s] [34mcolcon.colcon_core.package_identification[0m [1;30mLevel 1[0m _identify(.) by extension 'python'
[0.116s] [34mcolcon.colcon_core.package_identification[0m [1;30mLevel 1[0m _identify(.) by extensions ['python_setup_py']
[0.116s] [34mcolcon.colcon_core.package_identification[0m [1;30mLevel 1[0m _identify(.) by extension 'python_setup_py'
[0.116s] [34mcolcon.colcon_core.package_identification[0m [1;30mLevel 1[0m _identify(build) by extensions ['ignore', 'ignore_ament_install']
[0.116s] [34mcolcon.colcon_core.package_identification[0m [1;30mLevel 1[0m _identify(build) by extension 'ignore'
[0.116s] [34mcolcon.colcon_core.package_identification[0m [1;30mLevel 1[0m _identify(build) ignored
[0.116s] [34mcolcon.colcon_core.package_identification[0m [1;30mLevel 1[0m _identify(install) by extensions ['ignore', 'ignore_ament_install']
[0.116s] [34mcolcon.colcon_core.package_identification[0m [1;30mLevel 1[0m _identify(install) by extension 'ignore'
[0.117s] [34mcolcon.colcon_core.package_identification[0m [1;30mLevel 1[0m _identify(install) ignored
[0.117s] [34mcolcon.colcon_core.package_identification[0m [1;30mLevel 1[0m _identify(log) by extensions ['ignore', 'ignore_ament_install']
[0.117s] [34mcolcon.colcon_core.package_identification[0m [1;30mLevel 1[0m _identify(log) by extension 'ignore'
[0.117s] [34mcolcon.colcon_core.package_identification[0m [1;30mLevel 1[0m _identify(log) ignored
[0.117s] [34mcolcon.colcon_core.package_identification[0m [1;30mLevel 1[0m _identify(src) by extensions ['ignore', 'ignore_ament_install']
[0.117s] [34mcolcon.colcon_core.package_identification[0m [1;30mLevel 1[0m _identify(src) by extension 'ignore'
[0.117s] [34mcolcon.colcon_core.package_identification[0m [1;30mLevel 1[0m _identify(src) by extension 'ignore_ament_install'
[0.117s] [34mcolcon.colcon_core.package_identification[0m [1;30mLevel 1[0m _identify(src) by extensions ['colcon_pkg']
[0.117s] [34mcolcon.colcon_core.package_identification[0m [1;30mLevel 1[0m _identify(src) by extension 'colcon_pkg'
[0.117s] [34mcolcon.colcon_core.package_identification[0m [1;30mLevel 1[0m _identify(src) by extensions ['colcon_meta']
[0.117s] [34mcolcon.colcon_core.package_identification[0m [1;30mLevel 1[0m _identify(src) by extension 'colcon_meta'
[0.117s] [34mcolcon.colcon_core.package_identification[0m [1;30mLevel 1[0m _identify(src) by extensions ['ros']
[0.117s] [34mcolcon.colcon_core.package_identification[0m [1;30mLevel 1[0m _identify(src) by extension 'ros'
[0.117s] [34mcolcon.colcon_core.package_identification[0m [1;30mLevel 1[0m _identify(src) by extensions ['cmake', 'python']
[0.117s] [34mcolcon.colcon_core.package_identification[0m [1;30mLevel 1[0m _identify(src) by extension 'cmake'
[0.117s] [34mcolcon.colcon_core.package_identification[0m [1;30mLevel 1[0m _identify(src) by extension 'python'
[0.117s] [34mcolcon.colcon_core.package_identification[0m [1;30mLevel 1[0m _identify(src) by extensions ['python_setup_py']
[0.117s] [34mcolcon.colcon_core.package_identification[0m [1;30mLevel 1[0m _identify(src) by extension 'python_setup_py'
[0.117s] [34mcolcon.colcon_core.package_identification[0m [1;30mLevel 1[0m _identify(src/FAST_LIO) by extensions ['ignore', 'ignore_ament_install']
[0.117s] [34mcolcon.colcon_core.package_identification[0m [1;30mLevel 1[0m _identify(src/FAST_LIO) by extension 'ignore'
[0.117s] [34mcolcon.colcon_core.package_identification[0m [1;30mLevel 1[0m _identify(src/FAST_LIO) by extension 'ignore_ament_install'
[0.117s] [34mcolcon.colcon_core.package_identification[0m [1;30mLevel 1[0m _identify(src/FAST_LIO) by extensions ['colcon_pkg']
[0.117s] [34mcolcon.colcon_core.package_identification[0m [1;30mLevel 1[0m _identify(src/FAST_LIO) by extension 'colcon_pkg'
[0.117s] [34mcolcon.colcon_core.package_identification[0m [1;30mLevel 1[0m _identify(src/FAST_LIO) by extensions ['colcon_meta']
[0.117s] [34mcolcon.colcon_core.package_identification[0m [1;30mLevel 1[0m _identify(src/FAST_LIO) by extension 'colcon_meta'
[0.117s] [34mcolcon.colcon_core.package_identification[0m [1;30mLevel 1[0m _identify(src/FAST_LIO) by extensions ['ros']
[0.117s] [34mcolcon.colcon_core.package_identification[0m [1;30mLevel 1[0m _identify(src/FAST_LIO) by extension 'ros'
[0.119s] [34mcolcon.colcon_core.package_identification[0m [1;30mDEBUG[0m [32mPackage 'src/FAST_LIO' with type 'ros.ament_cmake' and name 'fast_lio'[0m
[0.119s] [34mcolcon.colcon_core.package_identification[0m [1;30mLevel 1[0m _identify(src/lightning-lm) by extensions ['ignore', 'ignore_ament_install']
[0.120s] [34mcolcon.colcon_core.package_identification[0m [1;30mLevel 1[0m _identify(src/lightning-lm) by extension 'ignore'
[0.120s] [34mcolcon.colcon_core.package_identification[0m [1;30mLevel 1[0m _identify(src/lightning-lm) by extension 'ignore_ament_install'
[0.120s] [34mcolcon.colcon_core.package_identification[0m [1;30mLevel 1[0m _identify(src/lightning-lm) by extensions ['colcon_pkg']
[0.120s] [34mcolcon.colcon_core.package_identification[0m [1;30mLevel 1[0m _identify(src/lightning-lm) by extension 'colcon_pkg'
[0.120s] [34mcolcon.colcon_core.package_identification[0m [1;30mLevel 1[0m _identify(src/lightning-lm) by extensions ['colcon_meta']
[0.120s] [34mcolcon.colcon_core.package_identification[0m [1;30mLevel 1[0m _identify(src/lightning-lm) by extension 'colcon_meta'
[0.120s] [34mcolcon.colcon_core.package_identification[0m [1;30mLevel 1[0m _identify(src/lightning-lm) by extensions ['ros']
[0.120s] [34mcolcon.colcon_core.package_identification[0m [1;30mLevel 1[0m _identify(src/lightning-lm) by extension 'ros'
[0.121s] [34mcolcon.colcon_core.package_identification[0m [1;30mDEBUG[0m [32mPackage 'src/lightning-lm' with type 'ros.ament_cmake' and name 'lightning'[0m
[0.121s] [34mcolcon.colcon_core.package_identification[0m [1;30mLevel 1[0m _identify(src/livox_to_scan) by extensions ['ignore', 'ignore_ament_install']
[0.121s] [34mcolcon.colcon_core.package_identification[0m [1;30mLevel 1[0m _identify(src/livox_to_scan) by extension 'ignore'
[0.121s] [34mcolcon.colcon_core.package_identification[0m [1;30mLevel 1[0m _identify(src/livox_to_scan) by extension 'ignore_ament_install'
[0.121s] [34mcolcon.colcon_core.package_identification[0m [1;30mLevel 1[0m _identify(src/livox_to_scan) by extensions ['colcon_pkg']
[0.121s] [34mcolcon.colcon_core.package_identification[0m [1;30mLevel 1[0m _identify(src/livox_to_scan) by extension 'colcon_pkg'
[0.121s] [34mcolcon.colcon_core.package_identification[0m [1;30mLevel 1[0m _identify(src/livox_to_scan) by extensions ['colcon_meta']
[0.121s] [34mcolcon.colcon_core.package_identification[0m [1;30mLevel 1[0m _identify(src/livox_to_scan) by extension 'colcon_meta'
[0.121s] [34mcolcon.colcon_core.package_identification[0m [1;30mLevel 1[0m _identify(src/livox_to_scan) by extensions ['ros']
[0.121s] [34mcolcon.colcon_core.package_identification[0m [1;30mLevel 1[0m _identify(src/livox_to_scan) by extension 'ros'
[0.122s] [34mcolcon.colcon_core.package_identification[0m [1;30mDEBUG[0m [32mPackage 'src/livox_to_scan' with type 'ros.ament_cmake' and name 'livox_to_scan'[0m
[0.122s] [34mcolcon.colcon_core.package_identification[0m [1;30mLevel 1[0m _identify(src/pcd_to_nav_map) by extensions ['ignore', 'ignore_ament_install']
[0.122s] [34mcolcon.colcon_core.package_identification[0m [1;30mLevel 1[0m _identify(src/pcd_to_nav_map) by extension 'ignore'
[0.122s] [34mcolcon.colcon_core.package_identification[0m [1;30mLevel 1[0m _identify(src/pcd_to_nav_map) ignored
[0.122s] [34mcolcon.colcon_core.package_identification[0m [1;30mLevel 1[0m _identify(src/sentry_navigation) by extensions ['ignore', 'ignore_ament_install']
[0.122s] [34mcolcon.colcon_core.package_identification[0m [1;30mLevel 1[0m _identify(src/sentry_navigation) by extension 'ignore'
[0.122s] [34mcolcon.colcon_core.package_identification[0m [1;30mLevel 1[0m _identify(src/sentry_navigation) by extension 'ignore_ament_install'
[0.122s] [34mcolcon.colcon_core.package_identification[0m [1;30mLevel 1[0m _identify(src/sentry_navigation) by extensions ['colcon_pkg']
[0.122s] [34mcolcon.colcon_core.package_identification[0m [1;30mLevel 1[0m _identify(src/sentry_navigation) by extension 'colcon_pkg'
[0.122s] [34mcolcon.colcon_core.package_identification[0m [1;30mLevel 1[0m _identify(src/sentry_navigation) by extensions ['colcon_meta']
[0.122s] [34mcolcon.colcon_core.package_identification[0m [1;30mLevel 1[0m _identify(src/sentry_navigation) by extension 'colcon_meta'
[0.122s] [34mcolcon.colcon_core.package_identification[0m [1;30mLevel 1[0m _identify(src/sentry_navigation) by extensions ['ros']
[0.122s] [34mcolcon.colcon_core.package_identification[0m [1;30mLevel 1[0m _identify(src/sentry_navigation) by extension 'ros'
[0.123s] [34mcolcon.colcon_core.package_identification[0m [1;30mDEBUG[0m [32mPackage 'src/sentry_navigation' with type 'ros.ament_cmake' and name 'sentry_navigation'[0m
[0.123s] [34mcolcon.colcon_core.package_identification[0m [1;30mLevel 1[0m _identify(src/serial_comm) by extensions ['ignore', 'ignore_ament_install']
[0.123s] [34mcolcon.colcon_core.package_identification[0m [1;30mLevel 1[0m _identify(src/serial_comm) by extension 'ignore'
[0.123s] [34mcolcon.colcon_core.package_identification[0m [1;30mLevel 1[0m _identify(src/serial_comm) by extension 'ignore_ament_install'
[0.124s] [34mcolcon.colcon_core.package_identification[0m [1;30mLevel 1[0m _identify(src/serial_comm) by extensions ['colcon_pkg']
[0.124s] [34mcolcon.colcon_core.package_identification[0m [1;30mLevel 1[0m _identify(src/serial_comm) by extension 'colcon_pkg'
[0.124s] [34mcolcon.colcon_core.package_identification[0m [1;30mLevel 1[0m _identify(src/serial_comm) by extensions ['colcon_meta']
[0.124s] [34mcolcon.colcon_core.package_identification[0m [1;30mLevel 1[0m _identify(src/serial_comm) by extension 'colcon_meta'
[0.124s] [34mcolcon.colcon_core.package_identification[0m [1;30mLevel 1[0m _identify(src/serial_comm) by extensions ['ros']
[0.124s] [34mcolcon.colcon_core.package_identification[0m [1;30mLevel 1[0m _identify(src/serial_comm) by extension 'ros'
[0.124s] [34mcolcon.colcon_core.package_identification[0m [1;30mDEBUG[0m [32mPackage 'src/serial_comm' with type 'ros.ament_cmake' and name 'serial_comm'[0m
[0.124s] [34mcolcon.colcon_core.package_discovery[0m [1;30mLevel 1[0m discover_packages(recursive) using defaults
[0.124s] [34mcolcon.colcon_core.package_discovery[0m [1;30mLevel 1[0m discover_packages(ignore) discover
[0.124s] [34mcolcon.colcon_core.package_discovery[0m [1;30mLevel 1[0m discover_packages(ignore) using defaults
[0.124s] [34mcolcon.colcon_core.package_discovery[0m [1;30mLevel 1[0m discover_packages(path) discover
[0.124s] [34mcolcon.colcon_core.package_discovery[0m [1;30mLevel 1[0m discover_packages(path) using defaults
[0.135s] [34mcolcon.colcon_core.package_selection[0m [1;30mINFO[0m Skipping not selected package 'fast_lio' in 'src/FAST_LIO'
[0.135s] [34mcolcon.colcon_core.package_selection[0m [1;30mINFO[0m Skipping not selected package 'lightning' in 'src/lightning-lm'
[0.135s] [34mcolcon.colcon_core.package_selection[0m [1;30mINFO[0m Skipping not selected package 'livox_to_scan' in 'src/livox_to_scan'
[0.135s] [34mcolcon.colcon_core.package_selection[0m [1;30mINFO[0m Skipping not selected package 'serial_comm' in 'src/serial_comm'
[0.135s] [34mcolcon.colcon_core.package_discovery[0m [1;30mLevel 1[0m discover_packages(prefix_path) check parameters
[0.135s] [34mcolcon.colcon_core.package_discovery[0m [1;30mLevel 1[0m discover_packages(prefix_path) discover
[0.137s] [34mcolcon.colcon_installed_package_information.package_discovery[0m [1;30mDEBUG[0m [32mFound 358 installed packages in /opt/ros/humble[0m
[0.138s] [34mcolcon.colcon_core.package_discovery[0m [1;30mLevel 1[0m discover_packages(prefix_path) using defaults
[0.167s] [34mcolcon.colcon_core.verb[0m [1;30mLevel 5[0m set package 'sentry_navigation' build argument 'cmake_args' from command line to 'None'
[0.167s] [34mcolcon.colcon_core.verb[0m [1;30mLevel 5[0m set package 'sentry_navigation' build argument 'cmake_target' from command line to 'None'
[0.167s] [34mcolcon.colcon_core.verb[0m [1;30mLevel 5[0m set package 'sentry_navigation' build argument 'cmake_target_skip_unavailable' from command line to 'False'
[0.167s] [34mcolcon.colcon_core.verb[0m [1;30mLevel 5[0m set package 'sentry_navigation' build argument 'cmake_clean_cache' from command line to 'False'
[0.167s] [34mcolcon.colcon_core.verb[0m [1;30mLevel 5[0m set package 'sentry_navigation' build argument 'cmake_clean_first' from command line to 'False'
[0.167s] [34mcolcon.colcon_core.verb[0m [1;30mLevel 5[0m set package 'sentry_navigation' build argument 'cmake_force_configure' from command line to 'False'
[0.167s] [34mcolcon.colcon_core.verb[0m [1;30mLevel 5[0m set package 'sentry_navigation' build argument 'ament_cmake_args' from command line to 'None'
[0.167s] [34mcolcon.colcon_core.verb[0m [1;30mLevel 5[0m set package 'sentry_navigation' build argument 'catkin_cmake_args' from command line to 'None'
[0.167s] [34mcolcon.colcon_core.verb[0m [1;30mLevel 5[0m set package 'sentry_navigation' build argument 'catkin_skip_building_tests' from command line to 'False'
[0.167s] [34mcolcon.colcon_core.verb[0m [1;30mDEBUG[0m [32mBuilding package 'sentry_navigation' with the following arguments: {'ament_cmake_args': None, 'build_base': '/home/pgd/SentryNav2026_XDU/build/sentry_navigation', 'catkin_cmake_args': None, 'catkin_skip_building_tests': False, 'cmake_args': None, 'cmake_clean_cache': False, 'cmake_clean_first': False, 'cmake_force_configure': False, 'cmake_target': None, 'cmake_target_skip_unavailable': False, 'install_base': '/home/pgd/SentryNav2026_XDU/install/sentry_navigation', 'merge_install': False, 'path': '/home/pgd/SentryNav2026_XDU/src/sentry_navigation', 'symlink_install': False, 'test_result_base': None}[0m
[0.167s] [34mcolcon.colcon_core.executor[0m [1;30mINFO[0m Executing jobs using 'parallel' executor
[0.168s] [34mcolcon.colcon_parallel_executor.executor.parallel[0m [1;30mDEBUG[0m [32mrun_until_complete[0m
[0.168s] [34mcolcon.colcon_ros.task.ament_cmake.build[0m [1;30mINFO[0m Building ROS package in '/home/pgd/SentryNav2026_XDU/src/sentry_navigation' with build type 'ament_cmake'
[0.168s] [34mcolcon.colcon_cmake.task.cmake.build[0m [1;30mINFO[0m Building CMake package in '/home/pgd/SentryNav2026_XDU/src/sentry_navigation'
[0.170s] [34mcolcon.colcon_core.plugin_system[0m [1;30mINFO[0m Skipping extension 'colcon_core.shell.bat': Not used on non-Windows systems
[0.170s] [34mcolcon.colcon_core.shell[0m [1;30mINFO[0m Skip shell extension 'powershell' for command environment: Not usable outside of PowerShell
[0.170s] [34mcolcon.colcon_core.shell[0m [1;30mDEBUG[0m [32mSkip shell extension 'dsv' for command environment[0m
[0.178s] [34mcolcon.colcon_core.event_handler.log_command[0m [1;30mDEBUG[0m [32mInvoking command in '/home/pgd/SentryNav2026_XDU/build/sentry_navigation': CMAKE_PREFIX_PATH=/opt/ros/humble /usr/local/bin/cmake --build /home/pgd/SentryNav2026_XDU/build/sentry_navigation -- -j16 -l16[0m
[4.576s] [34mcolcon.colcon_core.event_handler.log_command[0m [1;30mDEBUG[0m [32mInvoked command in '/home/pgd/SentryNav2026_XDU/build/sentry_navigation' returned '2': CMAKE_PREFIX_PATH=/opt/ros/humble /usr/local/bin/cmake --build /home/pgd/SentryNav2026_XDU/build/sentry_navigation -- -j16 -l16[0m
[4.577s] [34mcolcon.colcon_core.environment[0m [1;30mLevel 1[0m create_environment_scripts_only(sentry_navigation)
[4.578s] [34mcolcon.colcon_core.environment[0m [1;30mLevel 1[0m checking '/home/pgd/SentryNav2026_XDU/install/sentry_navigation' for CMake module files
[4.578s] [34mcolcon.colcon_core.environment[0m [1;30mLevel 1[0m checking '/home/pgd/SentryNav2026_XDU/install/sentry_navigation' for CMake config files
[4.579s] [34mcolcon.colcon_core.environment[0m [1;30mLevel 1[0m checking '/home/pgd/SentryNav2026_XDU/install/sentry_navigation/bin'
[4.579s] [34mcolcon.colcon_core.environment[0m [1;30mLevel 1[0m checking '/home/pgd/SentryNav2026_XDU/install/sentry_navigation/lib/pkgconfig/sentry_navigation.pc'
[4.579s] [34mcolcon.colcon_core.environment[0m [1;30mLevel 1[0m checking '/home/pgd/SentryNav2026_XDU/install/sentry_navigation/lib/python3.10/site-packages'
[4.579s] [34mcolcon.colcon_core.environment[0m [1;30mLevel 1[0m checking '/home/pgd/SentryNav2026_XDU/install/sentry_navigation/bin'
[4.579s] [34mcolcon.colcon_core.shell[0m [1;30mINFO[0m Creating package script '/home/pgd/SentryNav2026_XDU/install/sentry_navigation/share/sentry_navigation/package.ps1'
[4.580s] [34mcolcon.colcon_core.shell[0m [1;30mINFO[0m Creating package descriptor '/home/pgd/SentryNav2026_XDU/install/sentry_navigation/share/sentry_navigation/package.dsv'
[4.580s] [34mcolcon.colcon_core.shell[0m [1;30mINFO[0m Creating package script '/home/pgd/SentryNav2026_XDU/install/sentry_navigation/share/sentry_navigation/package.sh'
[4.581s] [34mcolcon.colcon_core.shell[0m [1;30mINFO[0m Creating package script '/home/pgd/SentryNav2026_XDU/install/sentry_navigation/share/sentry_navigation/package.bash'
[4.581s] [34mcolcon.colcon_core.shell[0m [1;30mINFO[0m Creating package script '/home/pgd/SentryNav2026_XDU/install/sentry_navigation/share/sentry_navigation/package.zsh'
[4.582s] [34mcolcon.colcon_core.environment[0m [1;30mLevel 1[0m create_file_with_runtime_dependencies(/home/pgd/SentryNav2026_XDU/install/sentry_navigation/share/colcon-core/packages/sentry_navigation)
[4.592s] [34mcolcon.colcon_parallel_executor.executor.parallel[0m [1;30mDEBUG[0m [32mclosing loop[0m
[4.593s] [34mcolcon.colcon_parallel_executor.executor.parallel[0m [1;30mDEBUG[0m [32mloop closed[0m
[4.593s] [34mcolcon.colcon_parallel_executor.executor.parallel[0m [1;30mDEBUG[0m [32mrun_until_complete finished with '2'[0m
[4.593s] [34mcolcon.colcon_core.event_reactor[0m [1;30mDEBUG[0m [32mjoining thread[0m
[4.607s] [34mcolcon.colcon_core.plugin_system[0m [1;30mINFO[0m Skipping extension 'colcon_notification.desktop_notification.terminal_notifier': Not used on non-Darwin systems
[4.607s] [34mcolcon.colcon_core.plugin_system[0m [1;30mINFO[0m Skipping extension 'colcon_notification.desktop_notification.win32': Not used on non-Windows systems
[4.607s] [34mcolcon.colcon_notification.desktop_notification[0m [1;30mINFO[0m Sending desktop notification using 'notify2'
[4.619s] [34mcolcon.colcon_core.event_reactor[0m [1;30mDEBUG[0m [32mjoined thread[0m
[4.620s] [34mcolcon.colcon_core.shell[0m [1;30mINFO[0m Creating prefix script '/home/pgd/SentryNav2026_XDU/install/local_setup.ps1'
[4.621s] [34mcolcon.colcon_core.shell[0m [1;30mINFO[0m Creating prefix util module '/home/pgd/SentryNav2026_XDU/install/_local_setup_util_ps1.py'
[4.621s] [34mcolcon.colcon_core.shell[0m [1;30mINFO[0m Creating prefix chain script '/home/pgd/SentryNav2026_XDU/install/setup.ps1'
[4.622s] [34mcolcon.colcon_core.shell[0m [1;30mINFO[0m Creating prefix script '/home/pgd/SentryNav2026_XDU/install/local_setup.sh'
[4.622s] [34mcolcon.colcon_core.shell[0m [1;30mINFO[0m Creating prefix util module '/home/pgd/SentryNav2026_XDU/install/_local_setup_util_sh.py'
[4.623s] [34mcolcon.colcon_core.shell[0m [1;30mINFO[0m Creating prefix chain script '/home/pgd/SentryNav2026_XDU/install/setup.sh'
[4.623s] [34mcolcon.colcon_core.shell[0m [1;30mINFO[0m Creating prefix script '/home/pgd/SentryNav2026_XDU/install/local_setup.bash'
[4.623s] [34mcolcon.colcon_core.shell[0m [1;30mINFO[0m Creating prefix chain script '/home/pgd/SentryNav2026_XDU/install/setup.bash'
[4.624s] [34mcolcon.colcon_core.shell[0m [1;30mINFO[0m Creating prefix script '/home/pgd/SentryNav2026_XDU/install/local_setup.zsh'
[4.624s] [34mcolcon.colcon_core.shell[0m [1;30mINFO[0m Creating prefix chain script '/home/pgd/SentryNav2026_XDU/install/setup.zsh'
