[ 50%] [32mBuilding CXX object CMakeFiles/tf_odom_publisher.dir/src/tf_odom_publisher.cpp.o[0m
[01m[K/home/pgd/SentryNav2026_XDU/src/sentry_navigation/src/tf_odom_publisher.cpp:[m[K In member function ‘[01m[Kvoid TfOdomPublisher::timerCallback()[m[K’:
[01m[K/home/pgd/SentryNav2026_XDU/src/sentry_navigation/src/tf_odom_publisher.cpp:131:14:[m[K [01;35m[Kwarning: [m[Kvariable ‘[01m[Kused_cached_odom_bl[m[K’ set but not used [[01;35m[K]8;;https://gcc.gnu.org/onlinedocs/gcc/Warning-Options.html#index-Wunused-but-set-variable-Wunused-but-set-variable]8;;[m[K]
  131 |         bool [01;35m[Kused_cached_odom_bl[m[K = false;
      |              [01;35m[K^~~~~~~~~~~~~~~~~~~[m[K
[100%] [32m[1mLinking CXX executable tf_odom_publisher[0m
[100%] Built target tf_odom_publisher
-- Install configuration: ""
-- Installing: /home/pgd/SentryNav2026_XDU/install/sentry_navigation/lib/sentry_navigation/tf_odom_publisher
-- Set non-toolchain portion of runtime path of "/home/pgd/SentryNav2026_XDU/install/sentry_navigation/lib/sentry_navigation/tf_odom_publisher" to ""
-- Installing: /home/pgd/SentryNav2026_XDU/install/sentry_navigation/share/sentry_navigation//launch
-- Installing: /home/pgd/SentryNav2026_XDU/install/sentry_navigation/share/sentry_navigation//launch/navigation_launch.py
-- Installing: /home/pgd/SentryNav2026_XDU/install/sentry_navigation/share/sentry_navigation//config
-- Installing: /home/pgd/SentryNav2026_XDU/install/sentry_navigation/share/sentry_navigation//config/navigation_params.yaml
-- Installing: /home/pgd/SentryNav2026_XDU/install/sentry_navigation/share/sentry_navigation//config/nav2_default_view.rviz
-- Installing: /home/pgd/SentryNav2026_XDU/install/sentry_navigation/share/ament_index/resource_index/package_run_dependencies/sentry_navigation
-- Installing: /home/pgd/SentryNav2026_XDU/install/sentry_navigation/share/ament_index/resource_index/parent_prefix_path/sentry_navigation
-- Installing: /home/pgd/SentryNav2026_XDU/install/sentry_navigation/share/sentry_navigation/environment/ament_prefix_path.sh
-- Installing: /home/pgd/SentryNav2026_XDU/install/sentry_navigation/share/sentry_navigation/environment/ament_prefix_path.dsv
-- Installing: /home/pgd/SentryNav2026_XDU/install/sentry_navigation/share/sentry_navigation/environment/path.sh
-- Installing: /home/pgd/SentryNav2026_XDU/install/sentry_navigation/share/sentry_navigation/environment/path.dsv
-- Installing: /home/pgd/SentryNav2026_XDU/install/sentry_navigation/share/sentry_navigation/local_setup.bash
-- Installing: /home/pgd/SentryNav2026_XDU/install/sentry_navigation/share/sentry_navigation/local_setup.sh
-- Installing: /home/pgd/SentryNav2026_XDU/install/sentry_navigation/share/sentry_navigation/local_setup.zsh
-- Installing: /home/pgd/SentryNav2026_XDU/install/sentry_navigation/share/sentry_navigation/local_setup.dsv
-- Installing: /home/pgd/SentryNav2026_XDU/install/sentry_navigation/share/sentry_navigation/package.dsv
-- Installing: /home/pgd/SentryNav2026_XDU/install/sentry_navigation/share/ament_index/resource_index/packages/sentry_navigation
-- Installing: /home/pgd/SentryNav2026_XDU/install/sentry_navigation/share/sentry_navigation/cmake/sentry_navigationConfig.cmake
-- Installing: /home/pgd/SentryNav2026_XDU/install/sentry_navigation/share/sentry_navigation/cmake/sentry_navigationConfig-version.cmake
-- Installing: /home/pgd/SentryNav2026_XDU/install/sentry_navigation/share/sentry_navigation/package.xml
