[ 50%] [32mBuilding CXX object CMakeFiles/tf_odom_publisher.dir/src/tf_odom_publisher.cpp.o[0m
[100%] [32m[1mLinking CXX executable tf_odom_publisher[0m
[100%] Built target tf_odom_publisher
-- Install configuration: ""
-- Installing: /home/pgd/SentryNav2026_XDU/install/sentry_navigation/lib/sentry_navigation/tf_odom_publisher
-- Set non-toolchain portion of runtime path of "/home/pgd/SentryNav2026_XDU/install/sentry_navigation/lib/sentry_navigation/tf_odom_publisher" to ""
-- Installing: /home/pgd/SentryNav2026_XDU/install/sentry_navigation/share/sentry_navigation//launch
-- Installing: /home/pgd/SentryNav2026_XDU/install/sentry_navigation/share/sentry_navigation//launch/navigation_launch.py
-- Installing: /home/pgd/SentryNav2026_XDU/install/sentry_navigation/share/sentry_navigation//config
-- Installing: /home/pgd/SentryNav2026_XDU/install/sentry_navigation/share/sentry_navigation//config/navigation_params.yaml
-- Installing: /home/pgd/SentryNav2026_XDU/install/sentry_navigation/share/sentry_navigation//config/nav2_default_view.rviz
-- Installing: /home/pgd/SentryNav2026_XDU/install/sentry_navigation/share/ament_index/resource_index/package_run_dependencies/sentry_navigation
-- Installing: /home/pgd/SentryNav2026_XDU/install/sentry_navigation/share/ament_index/resource_index/parent_prefix_path/sentry_navigation
-- Installing: /home/pgd/SentryNav2026_XDU/install/sentry_navigation/share/sentry_navigation/environment/ament_prefix_path.sh
-- Installing: /home/pgd/SentryNav2026_XDU/install/sentry_navigation/share/sentry_navigation/environment/ament_prefix_path.dsv
-- Installing: /home/pgd/SentryNav2026_XDU/install/sentry_navigation/share/sentry_navigation/environment/path.sh
-- Installing: /home/pgd/SentryNav2026_XDU/install/sentry_navigation/share/sentry_navigation/environment/path.dsv
-- Installing: /home/pgd/SentryNav2026_XDU/install/sentry_navigation/share/sentry_navigation/local_setup.bash
-- Installing: /home/pgd/SentryNav2026_XDU/install/sentry_navigation/share/sentry_navigation/local_setup.sh
-- Installing: /home/pgd/SentryNav2026_XDU/install/sentry_navigation/share/sentry_navigation/local_setup.zsh
-- Installing: /home/pgd/SentryNav2026_XDU/install/sentry_navigation/share/sentry_navigation/local_setup.dsv
-- Installing: /home/pgd/SentryNav2026_XDU/install/sentry_navigation/share/sentry_navigation/package.dsv
-- Installing: /home/pgd/SentryNav2026_XDU/install/sentry_navigation/share/ament_index/resource_index/packages/sentry_navigation
-- Installing: /home/pgd/SentryNav2026_XDU/install/sentry_navigation/share/sentry_navigation/cmake/sentry_navigationConfig.cmake
-- Installing: /home/pgd/SentryNav2026_XDU/install/sentry_navigation/share/sentry_navigation/cmake/sentry_navigationConfig-version.cmake
-- Installing: /home/pgd/SentryNav2026_XDU/install/sentry_navigation/share/sentry_navigation/package.xml
