[0.010s] Invoking command in '/home/pgd/SentryNav2026_XDU/build/sentry_navigation': CMAKE_PREFIX_PATH=/opt/ros/humble /usr/local/bin/cmake --build /home/pgd/SentryNav2026_XDU/build/sentry_navigation -- -j16 -l16
[0.054s] [ 50%] [32mBuilding CXX object CMakeFiles/tf_odom_publisher.dir/src/tf_odom_publisher.cpp.o[0m
[2.150s] [01m[K/home/pgd/SentryNav2026_XDU/src/sentry_navigation/src/tf_odom_publisher.cpp:[m[K In member function ‘[01m[Kvoid TfOdomPublisher::timerCallback()[m[K’:
[2.151s] [01m[K/home/pgd/SentryNav2026_XDU/src/sentry_navigation/src/tf_odom_publisher.cpp:131:14:[m[K [01;35m[Kwarning: [m[Kvariable ‘[01m[Kused_cached_odom_bl[m[K’ set but not used [[01;35m[K]8;;https://gcc.gnu.org/onlinedocs/gcc/Warning-Options.html#index-Wunused-but-set-variable-Wunused-but-set-variable]8;;[m[K]
[2.151s]   131 |         bool [01;35m[Kused_cached_odom_bl[m[K = false;
[2.151s]       |              [01;35m[K^~~~~~~~~~~~~~~~~~~[m[K
[8.986s] [100%] [32m[1mLinking CXX executable tf_odom_publisher[0m
[9.410s] [100%] Built target tf_odom_publisher
[9.426s] Invoked command in '/home/pgd/SentryNav2026_XDU/build/sentry_navigation' returned '0': CMAKE_PREFIX_PATH=/opt/ros/humble /usr/local/bin/cmake --build /home/pgd/SentryNav2026_XDU/build/sentry_navigation -- -j16 -l16
[9.431s] Invoking command in '/home/pgd/SentryNav2026_XDU/build/sentry_navigation': CMAKE_PREFIX_PATH=/opt/ros/humble /usr/local/bin/cmake --install /home/pgd/SentryNav2026_XDU/build/sentry_navigation
[9.434s] -- Install configuration: ""
[9.434s] -- Installing: /home/pgd/SentryNav2026_XDU/install/sentry_navigation/lib/sentry_navigation/tf_odom_publisher
[9.440s] -- Set non-toolchain portion of runtime path of "/home/pgd/SentryNav2026_XDU/install/sentry_navigation/lib/sentry_navigation/tf_odom_publisher" to ""
[9.440s] -- Installing: /home/pgd/SentryNav2026_XDU/install/sentry_navigation/share/sentry_navigation//launch
[9.440s] -- Installing: /home/pgd/SentryNav2026_XDU/install/sentry_navigation/share/sentry_navigation//launch/navigation_launch.py
[9.440s] -- Installing: /home/pgd/SentryNav2026_XDU/install/sentry_navigation/share/sentry_navigation//config
[9.441s] -- Installing: /home/pgd/SentryNav2026_XDU/install/sentry_navigation/share/sentry_navigation//config/navigation_params.yaml
[9.441s] -- Installing: /home/pgd/SentryNav2026_XDU/install/sentry_navigation/share/sentry_navigation//config/nav2_default_view.rviz
[9.441s] -- Installing: /home/pgd/SentryNav2026_XDU/install/sentry_navigation/share/ament_index/resource_index/package_run_dependencies/sentry_navigation
[9.441s] -- Installing: /home/pgd/SentryNav2026_XDU/install/sentry_navigation/share/ament_index/resource_index/parent_prefix_path/sentry_navigation
[9.441s] -- Installing: /home/pgd/SentryNav2026_XDU/install/sentry_navigation/share/sentry_navigation/environment/ament_prefix_path.sh
[9.441s] -- Installing: /home/pgd/SentryNav2026_XDU/install/sentry_navigation/share/sentry_navigation/environment/ament_prefix_path.dsv
[9.441s] -- Installing: /home/pgd/SentryNav2026_XDU/install/sentry_navigation/share/sentry_navigation/environment/path.sh
[9.441s] -- Installing: /home/pgd/SentryNav2026_XDU/install/sentry_navigation/share/sentry_navigation/environment/path.dsv
[9.441s] -- Installing: /home/pgd/SentryNav2026_XDU/install/sentry_navigation/share/sentry_navigation/local_setup.bash
[9.441s] -- Installing: /home/pgd/SentryNav2026_XDU/install/sentry_navigation/share/sentry_navigation/local_setup.sh
[9.442s] -- Installing: /home/pgd/SentryNav2026_XDU/install/sentry_navigation/share/sentry_navigation/local_setup.zsh
[9.442s] -- Installing: /home/pgd/SentryNav2026_XDU/install/sentry_navigation/share/sentry_navigation/local_setup.dsv
[9.442s] -- Installing: /home/pgd/SentryNav2026_XDU/install/sentry_navigation/share/sentry_navigation/package.dsv
[9.442s] -- Installing: /home/pgd/SentryNav2026_XDU/install/sentry_navigation/share/ament_index/resource_index/packages/sentry_navigation
[9.442s] -- Installing: /home/pgd/SentryNav2026_XDU/install/sentry_navigation/share/sentry_navigation/cmake/sentry_navigationConfig.cmake
[9.442s] -- Installing: /home/pgd/SentryNav2026_XDU/install/sentry_navigation/share/sentry_navigation/cmake/sentry_navigationConfig-version.cmake
[9.442s] -- Installing: /home/pgd/SentryNav2026_XDU/install/sentry_navigation/share/sentry_navigation/package.xml
[9.444s] Invoked command in '/home/pgd/SentryNav2026_XDU/build/sentry_navigation' returned '0': CMAKE_PREFIX_PATH=/opt/ros/humble /usr/local/bin/cmake --install /home/pgd/SentryNav2026_XDU/build/sentry_navigation
