[0.011s] Invoking command in '/home/pgd/SentryNav2026_XDU/build/sentry_navigation': CMAKE_PREFIX_PATH=/opt/ros/humble /usr/local/bin/cmake /home/pgd/SentryNav2026_XDU/src/sentry_navigation -DCMAKE_INSTALL_PREFIX=/home/pgd/SentryNav2026_XDU/install/sentry_navigation
[0.056s] -- The C compiler identification is GNU 11.4.0
[0.108s] -- The CXX compiler identification is GNU 11.4.0
[0.120s] -- Detecting C compiler ABI info
[0.182s] -- Detecting C compiler ABI info - done
[0.193s] -- Check for working C compiler: /usr/bin/cc - skipped
[0.194s] -- Detecting C compile features
[0.194s] -- Detecting C compile features - done
[0.197s] -- Detecting CXX compiler ABI info
[0.271s] -- Detecting CXX compiler ABI info - done
[0.283s] -- Check for working CXX compiler: /usr/bin/c++ - skipped
[0.284s] -- Detecting CXX compile features
[0.284s] -- Detecting CXX compile features - done
[0.287s] -- Found ament_cmake: 1.3.12 (/opt/ros/humble/share/ament_cmake/cmake)
[0.401s] -- Found Python3: /usr/bin/python3 (found version "3.10.12") found components: Interpreter
[0.476s] -- Found rclcpp: 16.0.15 (/opt/ros/humble/share/rclcpp/cmake)
[0.513s] -- Found rosidl_generator_c: 3.1.7 (/opt/ros/humble/share/rosidl_generator_c/cmake)
[0.517s] -- Found rosidl_adapter: 3.1.7 (/opt/ros/humble/share/rosidl_adapter/cmake)
[0.525s] -- Found rosidl_generator_cpp: 3.1.7 (/opt/ros/humble/share/rosidl_generator_cpp/cmake)
[0.536s] -- Using all available rosidl_typesupport_c: rosidl_typesupport_fastrtps_c;rosidl_typesupport_introspection_c
[0.549s] -- Using all available rosidl_typesupport_cpp: rosidl_typesupport_fastrtps_cpp;rosidl_typesupport_introspection_cpp
[0.584s] -- Found rmw_implementation_cmake: 6.1.2 (/opt/ros/humble/share/rmw_implementation_cmake/cmake)
[0.586s] -- Found rmw_fastrtps_cpp: 6.2.8 (/opt/ros/humble/share/rmw_fastrtps_cpp/cmake)
[0.669s] -- Found OpenSSL: /usr/lib/x86_64-linux-gnu/libcrypto.so (found version "3.0.2")
[0.695s] -- Found FastRTPS: /opt/ros/humble/include
[0.738s] -- Using RMW implementation 'rmw_fastrtps_cpp' as default
[0.745s] -- Performing Test CMAKE_HAVE_LIBC_PTHREAD
[0.816s] -- Performing Test CMAKE_HAVE_LIBC_PTHREAD - Success
[0.816s] -- Found Threads: TRUE
[0.868s] -- Found rclpy: 3.3.17 (/opt/ros/humble/share/rclpy/cmake)
[0.868s] -- Found tf2_ros: 0.25.16 (/opt/ros/humble/share/tf2_ros/cmake)
[0.977s] -- Found tf2_geometry_msgs: 0.25.16 (/opt/ros/humble/share/tf2_geometry_msgs/cmake)
[0.991s] -- Found eigen3_cmake_module: 0.1.1 (/opt/ros/humble/share/eigen3_cmake_module/cmake)
[0.992s] -- Found Eigen3: TRUE (found version "3.4.0")
[0.992s] -- Ensuring Eigen3 include directory is part of orocos-kdl CMake target
[0.995s] -- Found nav_msgs: 4.9.0 (/opt/ros/humble/share/nav_msgs/cmake)
[1.015s] -- Found nav2_bringup: 1.1.18 (/opt/ros/humble/share/nav2_bringup/cmake)
[1.016s] -- Found nav2_common: 1.1.18 (/opt/ros/humble/share/nav2_common/cmake)
[1.017s] -- Found nav2_msgs: 1.1.18 (/opt/ros/humble/share/nav2_msgs/cmake)
[1.046s] -- Found ament_lint_auto: 0.12.14 (/opt/ros/humble/share/ament_lint_auto/cmake)
[1.108s] -- Added test 'copyright' to check source files copyright and LICENSE
[1.109s] -- Added test 'cppcheck' to perform static code analysis on C / C++ code
[1.109s] -- Configured cppcheck include dirs: /home/pgd/SentryNav2026_XDU/src/sentry_navigation/include
[1.109s] -- Configured cppcheck exclude dirs and/or files: 
[1.110s] -- Added test 'cpplint' to check C / C++ code against the Google style
[1.110s] -- Configured cpplint exclude dirs and/or files: 
[1.111s] -- Added test 'flake8' to check Python code syntax and style conventions
[1.111s] -- Added test 'lint_cmake' to check CMake code style
[1.111s] -- Added test 'pep257' to check Python code against some of the docstring style conventions in PEP 257
[1.112s] -- Added test 'uncrustify' to check C / C++ code style
[1.112s] -- Configured uncrustify additional arguments: 
[1.113s] -- Added test 'xmllint' to check XML markup files
[1.114s] -- Configuring done (1.1s)
[1.128s] -- Generating done (0.0s)
[1.130s] -- Build files have been written to: /home/pgd/SentryNav2026_XDU/build/sentry_navigation
[1.145s] Invoked command in '/home/pgd/SentryNav2026_XDU/build/sentry_navigation' returned '0': CMAKE_PREFIX_PATH=/opt/ros/humble /usr/local/bin/cmake /home/pgd/SentryNav2026_XDU/src/sentry_navigation -DCMAKE_INSTALL_PREFIX=/home/pgd/SentryNav2026_XDU/install/sentry_navigation
[1.147s] Invoking command in '/home/pgd/SentryNav2026_XDU/build/sentry_navigation': CMAKE_PREFIX_PATH=/opt/ros/humble /usr/local/bin/cmake --build /home/pgd/SentryNav2026_XDU/build/sentry_navigation -- -j16 -l16
[1.179s] [ 50%] [32mBuilding CXX object CMakeFiles/tf_odom_publisher.dir/src/tf_odom_publisher.cpp.o[0m
[1.187s] [01m[K/home/pgd/SentryNav2026_XDU/src/sentry_navigation/src/tf_odom_publisher.cpp:3:1:[m[K [01;31m[Kerror: [m[Kexpected unqualified-id before ‘[01m[Kprivate[m[K’
[1.188s]     3 | [01;31m[Kprivate[m[K:
[1.188s]       | [01;31m[K^~~~~~~[m[K
[1.188s] [01m[K/home/pgd/SentryNav2026_XDU/src/sentry_navigation/src/tf_odom_publisher.cpp:120:1:[m[K [01;31m[Kerror: [m[Kexpected unqualified-id before ‘[01m[Kprivate[m[K’
[1.188s]   120 | [01;31m[Kprivate[m[K:
[1.188s]       | [01;31m[K^~~~~~~[m[K
[1.188s] [01m[K/home/pgd/SentryNav2026_XDU/src/sentry_navigation/src/tf_odom_publisher.cpp:123:5:[m[K [01;31m[Kerror: [m[K‘[01m[Kgeometry_msgs[m[K’ does not name a type
[1.188s]   123 |     [01;31m[Kgeometry_msgs[m[K::msg::TransformStamped last_odom_to_baselink_msg_;
[1.188s]       |     [01;31m[K^~~~~~~~~~~~~[m[K
[1.189s] gmake[2]: *** [CMakeFiles/tf_odom_publisher.dir/build.make:76：CMakeFiles/tf_odom_publisher.dir/src/tf_odom_publisher.cpp.o] 错误 1
[1.189s] gmake[1]: *** [CMakeFiles/Makefile2:137：CMakeFiles/tf_odom_publisher.dir/all] 错误 2
[1.189s] gmake: *** [Makefile:146：all] 错误 2
[1.191s] Invoked command in '/home/pgd/SentryNav2026_XDU/build/sentry_navigation' returned '2': CMAKE_PREFIX_PATH=/opt/ros/humble /usr/local/bin/cmake --build /home/pgd/SentryNav2026_XDU/build/sentry_navigation -- -j16 -l16
